eeschema (2013-may-18)-stable  >> Creation date: Fri Jan 16 12:22:57 2015
#Cmp ( order = Reference )
| C1         100n        
| C2         100n        
| C3         2.2u        
| C4         2.2u        
| C5         4n7         
| C6         4n7         
| C7         4n7         
| C8         4n7         
| C9         2.2u        
| C10        120p        
| C11        2.2u        
| C12        2.2u        
| C13        6.8n        
| C14        22n         
| C15        2.2u        
| C16        10u,50V     
| C17        10u,50V     
| C18        10u,50V     
| C19        15n         
| C20        100n        
| C21        220n        
| C22        220n        
| C23        220n        
| C24        2.2n        
| C25        2.2n        
| C26        2.2u        
| C27        100u        
| C28        10u,50V     
| C29        100u        
| C30        10u,50V     
| C31        10u,50V     
| C32        10u,50V     
| C33        15u, 100v   
| C34        10u,50V     
| C35        15u,100V    
| C36        4n7         
| C37        4n7         
| C38        4n7         
| C39        4n7         
| C40        15p         
| C41        2.2u        
| C42        2.2u        
| C43        2.2u        
| C44        100n        
| C45        2.2u        
| C46        15p         
| C47        2.2u        
| C48        2.2u        
| C49        2.2u        
| C50        2.2u        
| C51        2.2u        
| C52        2.2u        
| C53        120p        
| C54        2.2u        
| C55        2.2u        
| C56        6.8n        
| C57        22n         
| C58        2.2u        
| C59        10u,50V     
| C60        10u,50V     
| C61        10u,50V     
| C62        15n         
| C63        100n        
| C64        220n        
| C65        220n        
| C66        220n        
| C67        2.2n        
| C68        2.2n        
| C69        2.2u        
| C70        100u        
| C71        10u,50V     
| C72        100u        
| C73        10u,50V     
| C74        10u,50V     
| C75        10u,50V     
| C76        15u, 100v   
| C77        10u,50V     
| C78        15u,100V    
| D1         RED         
| D2         GREEN       
| D3         LED         
| D4         DIODESCH    
| D5         TVS 5V      
| D6         DIODESCH    
| D7         TVS 5V      
| K1         SERVO       
| L1         22u         
| L2         22u         
| P1         CANBUS      
| P2         HALL/Encoder
| P3         HALL/Encoder
| P4         PWR_COMM    
| P5         IN+         
| P6         IN-         
| P7         MOTOR3      
| P8         MOTOR2      
| P9         MOTOR1      
| P10        MOTOR3      
| P11        MOTOR2      
| P12        MOTOR1      
| P13        SWD         
| Q1         IRFS3006    
| Q2         IRFS3006    
| Q3         IRFS3006    
| Q4         IRFS3006    
| Q5         IRFS3006    
| Q6         IRFS3006    
| Q7         IRFS3006    
| Q8         IRFS3006    
| Q9         IRFS3006    
| Q10        IRFS3006    
| Q11        IRFS3006    
| Q12        IRFS3006    
| R1         33k         
| R2         2k2         
| R3         0R          
| R4         22R         
| R5         22R         
| R6         100R        
| R7         100R        
| R8         2k2         
| R9         2k2         
| R10        SHUNT       
| R11        SHUNT       
| R12        SHUNT       
| R13        SHUNT       
| R14        4R7         
| R15        4R7         
| R16        33k         
| R17        4R7         
| R18        4R7         
| R19        33k         
| R20        4R7         
| R21        4R7         
| R22        33k         
| R23        NTC 10k     
| R24        10k         
| R25        NI          
| R26        10k         
| R27        10k         
| R28        2k2         
| R29        2k2         
| R30        2k2         
| R31        10k         
| R32        10k         
| R33        10k         
| R34        330k        
| R35        10k         
| R36        18k         
| R37        3k3         
| R38        10k         
| R39        15k         
| R40        220k        
| R41        1M          
| R42        100R        
| R43        100R        
| R44        100R        
| R45        100R        
| R46        33k         
| R47        2k2         
| R48        33k         
| R49        2k2         
| R50        33k         
| R51        2k2         
| R52        10k         
| R53        2k2         
| R54        2k2         
| R55        2k2         
| R56        10k         
| R57        10k         
| R58        10k         
| R59        4R7         
| R60        4R7         
| R61        33k         
| R62        4R7         
| R63        4R7         
| R64        33k         
| R65        4R7         
| R66        4R7         
| R67        33k         
| R68        330k        
| R69        10k         
| R70        18k         
| R71        3k3         
| R72        10k         
| R73        15k         
| R74        220k        
| R75        1M          
| R76        100R        
| R77        100R        
| R78        100R        
| R79        100R        
| R80        33k         
| R81        2k2         
| R82        33k         
| R83        2k2         
| R84        33k         
| R85        2k2         
| U1         SN65HVD232  
| U2         DRV8302     
| U3         NCP1117ST33T3G
| U4         STM32F40X_LQFP144
| U5         DRV8302     
| U6         NCP1117ST33T3G
| X1         MINI-USB-SHIELD-32005-201
| X2         8MHz 10ppm  
#End Cmp

#Cmp ( order = Value )
| 15p          C40       
| 15p          C46       
| 120p         C10       
| 120p         C53       
| 2.2n         C24       
| 2.2n         C67       
| 2.2n         C25       
| 2.2n         C68       
| 4n7          C5        
| 4n7          C36       
| 4n7          C6        
| 4n7          C37       
| 4n7          C7        
| 4n7          C38       
| 4n7          C8        
| 4n7          C39       
| 6.8n         C13       
| 6.8n         C56       
| 15n          C19       
| 15n          C62       
| 22n          C14       
| 22n          C57       
| 100n         C1        
| 100n         C2        
| 100n         C44       
| 100n         C20       
| 100n         C63       
| 220n         C21       
| 220n         C64       
| 220n         C22       
| 220n         C65       
| 220n         C23       
| 220n         C66       
| 2.2u         C4        
| 2.2u         C3        
| 2.2u         C41       
| 2.2u         C42       
| 2.2u         C43       
| 2.2u         C45       
| 2.2u         C47       
| 2.2u         C48       
| 2.2u         C49       
| 2.2u         C50       
| 2.2u         C51       
| 2.2u         C11       
| 2.2u         C54       
| 2.2u         C12       
| 2.2u         C55       
| 2.2u         C26       
| 2.2u         C69       
| 2.2u         C9        
| 2.2u         C52       
| 2.2u         C15       
| 2.2u         C58       
| 10u,50V      C16       
| 10u,50V      C59       
| 10u,50V      C17       
| 10u,50V      C60       
| 10u,50V      C18       
| 10u,50V      C61       
| 10u,50V      C28       
| 10u,50V      C71       
| 10u,50V      C30       
| 10u,50V      C73       
| 10u,50V      C31       
| 10u,50V      C74       
| 10u,50V      C32       
| 10u,50V      C75       
| 10u,50V      C34       
| 10u,50V      C77       
| 15u, 100v    C33       
| 15u, 100v    C76       
| 15u,100V     C35       
| 15u,100V     C78       
| 100u         C27       
| 100u         C70       
| 100u         C29       
| 100u         C72       
| DIODESCH     D4        
| DIODESCH     D6        
| RED          D1        
| GREEN        D2        
| LED          D3        
| TVS 5V       D5        
| TVS 5V       D7        
| SERVO        K1        
| 22u          L1        
| 22u          L2        
| IN+          P5        
| IN-          P6        
| MOTOR3       P7        
| MOTOR2       P8        
| MOTOR1       P9        
| MOTOR3       P10       
| MOTOR2       P11       
| MOTOR1       P12       
| HALL/Encoder P2        
| HALL/Encoder P3        
| PWR_COMM     P4        
| SWD          P13       
| CANBUS       P1        
| IRFS3006     Q1        
| IRFS3006     Q7        
| IRFS3006     Q2        
| IRFS3006     Q8        
| IRFS3006     Q3        
| IRFS3006     Q9        
| IRFS3006     Q4        
| IRFS3006     Q10       
| IRFS3006     Q5        
| IRFS3006     Q11       
| IRFS3006     Q6        
| IRFS3006     Q12       
| 0R           R3        
| 4R7          R14       
| 4R7          R59       
| 4R7          R15       
| 4R7          R60       
| 4R7          R17       
| 4R7          R62       
| 4R7          R18       
| 4R7          R63       
| 4R7          R20       
| 4R7          R65       
| 4R7          R21       
| 4R7          R66       
| 22R          R4        
| 22R          R5        
| 100R         R6        
| 100R         R7        
| 100R         R42       
| 100R         R76       
| 100R         R43       
| 100R         R77       
| 100R         R44       
| 100R         R78       
| 100R         R45       
| 100R         R79       
| 2k2          R2        
| 2k2          R8        
| 2k2          R9        
| 2k2          R28       
| 2k2          R53       
| 2k2          R29       
| 2k2          R54       
| 2k2          R30       
| 2k2          R55       
| 2k2          R47       
| 2k2          R81       
| 2k2          R49       
| 2k2          R83       
| 2k2          R51       
| 2k2          R85       
| 3k3          R37       
| 3k3          R71       
| 10k          R24       
| 10k          R26       
| 10k          R27       
| 10k          R52       
| 10k          R31       
| 10k          R56       
| 10k          R32       
| 10k          R57       
| 10k          R33       
| 10k          R58       
| 10k          R35       
| 10k          R69       
| 10k          R38       
| 10k          R72       
| 15k          R39       
| 15k          R73       
| 18k          R36       
| 18k          R70       
| 33k          R1        
| 33k          R16       
| 33k          R61       
| 33k          R19       
| 33k          R64       
| 33k          R22       
| 33k          R67       
| 33k          R46       
| 33k          R80       
| 33k          R48       
| 33k          R82       
| 33k          R50       
| 33k          R84       
| 220k         R40       
| 220k         R74       
| 330k         R34       
| 330k         R68       
| 1M           R41       
| 1M           R75       
| SHUNT        R10       
| SHUNT        R11       
| SHUNT        R12       
| SHUNT        R13       
| NTC 10k      R23       
| NI           R25       
| DRV8302      U2        
| DRV8302      U5        
| SN65HVD232   U1        
| NCP1117ST33T3G U3        
| NCP1117ST33T3G U6        
| STM32F40X_LQFP144 U4        
| 8MHz 10ppm   X2        
| MINI-USB-SHIELD-32005-201 X1        
#End Cmp

#End List
